// Jest Snapshot v1, https://goo.gl/fbAQLP

exports[`renders ClockHands component 1`] = `
<DocumentFragment>
  <div
    class="SecondHand_cN6khQ SecondHand__theme_highContrast_cN6khQ-01 ClockHand_cN6khQ"
    style="--ClockHand__transform_cN6khQ: 0deg;"
  />
  <div
    class="MinuteHand_cN6khQ ClockHand_cN6khQ"
    style="--ClockHand__transform_cN6khQ: 0deg;"
  />
  <div
    class="HourHand_cN6khQ ClockHand_cN6khQ"
    style="--ClockHand__transform_cN6khQ: 450deg;"
  />
</DocumentFragment>
`;
